  Determining projects to restore...
  All projects are up-to-date for restore.
  PasswordTrainer -> D:\Development\Mirko\GitHub\PasswordTrainer\__worktrees__\fix-sshnet\src\PasswordTrainer\bin\Debug\net10.0\PasswordTrainer.dll
  Tests -> D:\Development\Mirko\GitHub\PasswordTrainer\__worktrees__\fix-sshnet\tests\Tests\bin\Debug\net10.0\Tests.dll

Build succeeded.
    0 Warning(s)
    0 Error(s)

Time Elapsed 00:00:23.76
